current directory: /home/egor/ruby/rails_quest/vendor/bundle/ruby/3.4.0/gems/ed25519-1.4.0/ext/ed25519_ref10
/usr/bin/ruby extconf.rb
checking for whether -Wall is accepted as CFLAGS... yes
checking for whether -O3 is accepted as CFLAGS... yes
checking for whether -pedantic is accepted as CFLAGS... yes
checking for whether -std=c99 is accepted as CFLAGS... no
creating Makefile

current directory: /home/egor/ruby/rails_quest/vendor/bundle/ruby/3.4.0/gems/ed25519-1.4.0/ext/ed25519_ref10
make DESTDIR\= sitearchdir\=./.gem.20260601-19245-doxrk1 sitelibdir\=./.gem.20260601-19245-doxrk1 clean

current directory: /home/egor/ruby/rails_quest/vendor/bundle/ruby/3.4.0/gems/ed25519-1.4.0/ext/ed25519_ref10
make DESTDIR\= sitearchdir\=./.gem.20260601-19245-doxrk1 sitelibdir\=./.gem.20260601-19245-doxrk1
compiling ed25519_ref10.c
compiling fe.c
compiling ge.c
compiling keypair.c
compiling open.c
compiling sc_muladd.c
compiling sc_reduce.c
compiling sha512.c
compiling sign.c
compiling verify.c
linking shared-object ed25519_ref10.so

current directory: /home/egor/ruby/rails_quest/vendor/bundle/ruby/3.4.0/gems/ed25519-1.4.0/ext/ed25519_ref10
make DESTDIR\= sitearchdir\=./.gem.20260601-19245-doxrk1 sitelibdir\=./.gem.20260601-19245-doxrk1 install
/usr/bin/install -c -m 0755 ed25519_ref10.so ./.gem.20260601-19245-doxrk1

current directory: /home/egor/ruby/rails_quest/vendor/bundle/ruby/3.4.0/gems/ed25519-1.4.0/ext/ed25519_ref10
make DESTDIR\= sitearchdir\=./.gem.20260601-19245-doxrk1 sitelibdir\=./.gem.20260601-19245-doxrk1 clean
